// Jest Snapshot v1, https://goo.gl/fbAQLP

exports[`<Checkbox /> should render correctly 1`] = `
<DocumentFragment>
  <label
    class="lib:group lib:relative lib:inline-flex lib:space-x-2 lib:items-center lib:align-top lib:cursor-pointer"
  >
    <input
      aria-checked="false"
      class="lib:peer lib:sr-only"
      type="checkbox"
      value="apple"
    />
    <div
      aria-hidden="true"
      class="lib:inline-flex lib:items-center lib:justify-center lib:flex-shrink-0 lib:align-top lib:self-start lib:rounded lib:select-none lib:transition-all lib:ring-0 lib:ring-gray-300 peer-focus:lib:ring-2 lib:w-4 lib:h-4 lib:text-xs lib:border-[1.5px] lib:border-solid lib:border-gray-400 group-hover:lib:border-gray-500"
      role="img"
    />
    <div
      class="lib:text-gray-700 lib:select-none lib:font-medium lib:text-sm lib:leading-4"
    >
      Checkbox
    </div>
  </label>
</DocumentFragment>
`;
