// Jest Snapshot v1, https://goo.gl/fbAQLP

exports[`<Badge /> should render properly 1`] = `
<DocumentFragment>
  <span
    class="lib:inline-flex lib:items-center lib:justify-center lib:font-medium lib:whitespace-nowrap lib:align-middle lib:rounded-full lib:transition-all lib:py-[3px] lib:px-1.5 lib:text-xs lib:bg-gray-800 lib:text-white"
  >
    Hello world
  </span>
</DocumentFragment>
`;
