// Jest Snapshot v1, https://goo.gl/fbAQLP

exports[`Switch should render correctly 1`] = `
<DocumentFragment>
  <label
    class="relative inline-flex cursor-pointer align-top"
  >
    <button
      aria-checked="false"
      class="peer sr-only"
      data-command=""
      role="switch"
      themecolor="base"
    />
    <span
      class="relative inline-flex items-center justify-center shrink-0 align-top select-none transition-all peer-children h-4 w-[26px] rounded-full bg-gray-400 peer-hover:bg-gray-500 peer-active:bg-gray-600 peer-focus-visible:ring-3 peer-focus-visible:ring-gray-500"
    >
      <span
        class="absolute box-border transition-all duration-200 h-3 w-3 peer-children-active:w-[13px] top-0.5 rounded-full left-0.5 bg-white-900"
      />
    </span>
  </label>
</DocumentFragment>
`;
